
> Configure project :app
The org.gradle.api.plugins.Convention type has been deprecated. This is scheduled to be removed in Gradle 9.0. Consult the upgrading guide for further information: https://docs.gradle.org/9.0-milestone-1/userguide/upgrading_version_8.html#deprecated_access_to_conventions

> Task :app:preBuild UP-TO-DATE
> Task :app:preDebugBuild UP-TO-DATE
> Task :app:mergeDebugNativeDebugMetadata NO-SOURCE
> Task :app:generateDebugResValues
> Task :app:checkDebugAarMetadata
> Task :app:mapDebugSourceSetPaths
> Task :app:generateDebugResources
> Task :app:packageDebugResources
> Task :app:createDebugCompatibleScreenManifests
> Task :app:extractDeepLinksDebug
> Task :app:mergeDebugResources
> Task :app:parseDebugLocalResources
> Task :app:processDebugMainManifest
> Task :app:processDebugManifest
> Task :app:mergeDebugShaders
> Task :app:compileDebugShaders NO-SOURCE
> Task :app:generateDebugAssets UP-TO-DATE
> Task :app:javaPreCompileDebug
> Task :app:mergeDebugAssets
> Task :app:compressDebugAssets
> Task :app:desugarDebugFileDependencies
> Task :app:mergeDebugJniLibFolders
> Task :app:mergeDebugNativeLibs
> Task :app:checkDebugDuplicateClasses
> Task :app:validateSigningDebug
> Task :app:writeDebugAppMetadata
> Task :app:mergeLibDexDebug

> Task :app:stripDebugDebugSymbols
Unable to strip the following libraries, packaging them as they are: libandroidx.graphics.path.so.

> Task :app:writeDebugSigningConfigVersions
> Task :app:buildKotlinToolingMetadata
> Task :app:preReleaseBuild UP-TO-DATE
> Task :app:generateReleaseResValues
> Task :app:checkReleaseAarMetadata
> Task :app:mapReleaseSourceSetPaths
> Task :app:generateReleaseResources
> Task :app:packageReleaseResources
> Task :app:createReleaseCompatibleScreenManifests
> Task :app:extractDeepLinksRelease
> Task :app:parseReleaseLocalResources
> Task :app:mergeReleaseResources
> Task :app:processReleaseMainManifest
> Task :app:processReleaseManifest
> Task :app:javaPreCompileRelease
> Task :app:extractProguardFiles
> Task :app:mergeReleaseJniLibFolders
> Task :app:processDebugManifestForPackage
> Task :app:mergeReleaseNativeLibs

> Task :app:stripReleaseDebugSymbols
Unable to strip the following libraries, packaging them as they are: libandroidx.graphics.path.so.

> Task :app:desugarReleaseFileDependencies
> Task :app:checkReleaseDuplicateClasses
> Task :app:extractReleaseNativeSymbolTables
> Task :app:mergeReleaseNativeDebugMetadata NO-SOURCE
> Task :app:mergeReleaseArtProfile
> Task :app:mergeReleaseShaders
> Task :app:compileReleaseShaders NO-SOURCE
> Task :app:generateReleaseAssets UP-TO-DATE
> Task :app:mergeReleaseAssets
> Task :app:compressReleaseAssets
> Task :app:extractReleaseVersionControlInfo
warn: removing resource com.farouktouil.farouktouil:string/error_occurred without required default value.

> Task :app:collectReleaseDependencies
> Task :app:processDebugResources
> Task :app:sdkReleaseDependencyData
> Task :app:writeReleaseAppMetadata
> Task :app:writeReleaseSigningConfigVersions
> Task :app:preDebugAndroidTestBuild SKIPPED
> Task :app:generateDebugAndroidTestResValues
> Task :app:preDebugUnitTestBuild UP-TO-DATE
> Task :app:preReleaseUnitTestBuild UP-TO-DATE
> Task :app:javaPreCompileDebugUnitTest
> Task :app:javaPreCompileReleaseUnitTest
> Task :app:processReleaseManifestForPackage
warn: removing resource com.farouktouil.farouktouil:string/error_occurred without required default value.

> Task :app:processReleaseResources
> Task :app:optimizeReleaseResources
> Task :app:mergeExtDexRelease
> Task :app:mergeExtDexDebug
> Task :app:kspDebugKotlin
> Task :app:kspReleaseKotlin

> Task :app:compileDebugKotlin
w: file:///C:/Users/ASUS/AndroidStudioProjects/OrderApp/app/src/main/java/com/farouktouil/farouktouil/barcode_feature/presentation/BarcodeGeneratorScreen.kt:426:44 Parameter 'index' is never used, could be renamed to _
w: file:///C:/Users/ASUS/AndroidStudioProjects/OrderApp/app/src/main/java/com/farouktouil/farouktouil/consultation_feature/presentation/AppelConsultationScreen.kt:26:5 Parameter 'navController' is never used
w: file:///C:/Users/ASUS/AndroidStudioProjects/OrderApp/app/src/main/java/com/farouktouil/farouktouil/core/presentation/DrawerSheet.kt:29:9 Variable 'context' is never used
w: file:///C:/Users/ASUS/AndroidStudioProjects/OrderApp/app/src/main/java/com/farouktouil/farouktouil/core/presentation/DrawerSheet.kt:98:17 'Divider(Modifier = ..., Dp = ..., Color = ...): Unit' is deprecated. Renamed to HorizontalDivider
w: file:///C:/Users/ASUS/AndroidStudioProjects/OrderApp/app/src/main/java/com/farouktouil/farouktouil/core/presentation/DrawerSheet.kt:117:17 'Divider(Modifier = ..., Dp = ..., Color = ...): Unit' is deprecated. Renamed to HorizontalDivider
w: file:///C:/Users/ASUS/AndroidStudioProjects/OrderApp/app/src/main/java/com/farouktouil/farouktouil/core/presentation/DrawerSheet.kt:137:17 'Divider(Modifier = ..., Dp = ..., Color = ...): Unit' is deprecated. Renamed to HorizontalDivider
w: file:///C:/Users/ASUS/AndroidStudioProjects/OrderApp/app/src/main/java/com/farouktouil/farouktouil/core/presentation/DrawerSheet.kt:156:17 'Divider(Modifier = ..., Dp = ..., Color = ...): Unit' is deprecated. Renamed to HorizontalDivider
w: file:///C:/Users/ASUS/AndroidStudioProjects/OrderApp/app/src/main/java/com/farouktouil/farouktouil/deliverer_feature/presentation/DelivererScreen.kt:39:5 Parameter 'navController' is never used
w: file:///C:/Users/ASUS/AndroidStudioProjects/OrderApp/app/src/main/java/com/farouktouil/farouktouil/export_feature/data/file/AndroidInternalStorageFileWriter.kt:35:13 Name shadowed: fileName
w: file:///C:/Users/ASUS/AndroidStudioProjects/OrderApp/app/src/main/java/com/farouktouil/farouktouil/export_feature/presentation/ExportScreen.kt:106:41 'menuAnchor(): Modifier' is deprecated. Use overload that takes MenuAnchorType and enabled parameters
w: file:///C:/Users/ASUS/AndroidStudioProjects/OrderApp/app/src/main/java/com/farouktouil/farouktouil/order_feature/domain/use_case/ConfirmOrderUseCase.kt:49:21 Elvis operator (?:) always returns the left operand of non-nullable type String
w: file:///C:/Users/ASUS/AndroidStudioProjects/OrderApp/app/src/main/java/com/farouktouil/farouktouil/order_feature/presentation/OrderChooseDelivererViewModel.kt:52:48 This declaration is in a preview state and can be changed in a backwards-incompatible manner with a best-effort migration. Its usage should be marked with '@kotlinx.coroutines.FlowPreview' or '@OptIn(kotlinx.coroutines.FlowPreview::class)' if you accept the drawback of relying on preview API
w: file:///C:/Users/ASUS/AndroidStudioProjects/OrderApp/app/src/main/java/com/farouktouil/farouktouil/order_feature/presentation/components/CheckoutDialog.kt:68:21 'Divider(Modifier = ..., Dp = ..., Color = ...): Unit' is deprecated. Renamed to HorizontalDivider
w: file:///C:/Users/ASUS/AndroidStudioProjects/OrderApp/app/src/main/java/com/farouktouil/farouktouil/order_feature/presentation/components/CheckoutDialog.kt:118:21 'Divider(Modifier = ..., Dp = ..., Color = ...): Unit' is deprecated. Renamed to HorizontalDivider
w: file:///C:/Users/ASUS/AndroidStudioProjects/OrderApp/app/src/main/java/com/farouktouil/farouktouil/order_feature/presentation/components/DelivererUiListItem.kt:40:45 'ArrowForwardIos: ImageVector' is deprecated. Use the AutoMirrored version at Icons.AutoMirrored.Filled.ArrowForwardIos
w: file:///C:/Users/ASUS/AndroidStudioProjects/OrderApp/app/src/main/java/com/farouktouil/farouktouil/order_feature/presentation/components/OrderDetailDilaog.kt:72:21 'Divider(Modifier = ..., Dp = ..., Color = ...): Unit' is deprecated. Renamed to HorizontalDivider
w: file:///C:/Users/ASUS/AndroidStudioProjects/OrderApp/app/src/main/java/com/farouktouil/farouktouil/order_feature/presentation/components/OrderDetailDilaog.kt:113:21 'Divider(Modifier = ..., Dp = ..., Color = ...): Unit' is deprecated. Renamed to HorizontalDivider
w: file:///C:/Users/ASUS/AndroidStudioProjects/OrderApp/app/src/main/java/com/farouktouil/farouktouil/order_feature/presentation/components/OrderUiListItem.kt:80:9 'Divider(Modifier = ..., Dp = ..., Color = ...): Unit' is deprecated. Renamed to HorizontalDivider
w: file:///C:/Users/ASUS/AndroidStudioProjects/OrderApp/app/src/main/java/com/farouktouil/farouktouil/order_feature/presentation/components/ProductUiListItem.kt:84:13 'Divider(Modifier = ..., Dp = ..., Color = ...): Unit' is deprecated. Renamed to HorizontalDivider
w: file:///C:/Users/ASUS/AndroidStudioProjects/OrderApp/app/src/main/java/com/farouktouil/farouktouil/order_feature/presentation/mapper/ProductMapper.kt:20:24 Elvis operator (?:) always returns the left operand of non-nullable type Int
w: file:///C:/Users/ASUS/AndroidStudioProjects/OrderApp/app/src/main/java/com/farouktouil/farouktouil/personnel_feature/presentation/PersonnelScreen.kt:26:5 Parameter 'navController' is never used
w: file:///C:/Users/ASUS/AndroidStudioProjects/OrderApp/app/src/main/java/com/farouktouil/farouktouil/product_feature/data/mapper/ProductMapper.kt:8:31 Elvis operator (?:) always returns the left operand of non-nullable type Int
w: file:///C:/Users/ASUS/AndroidStudioProjects/OrderApp/app/src/main/java/com/farouktouil/farouktouil/product_feature/presentation/BarcodeScannerActivity.kt:79:9 Variable 'context' is never used
w: file:///C:/Users/ASUS/AndroidStudioProjects/OrderApp/app/src/main/java/com/farouktouil/farouktouil/product_feature/presentation/BarcodeScannerActivity.kt:80:9 Variable 'viewModel' is never used
w: file:///C:/Users/ASUS/AndroidStudioProjects/OrderApp/app/src/main/java/com/farouktouil/farouktouil/product_feature/presentation/BarcodeScannerActivity.kt:162:109 'VIBRATOR_SERVICE: String' is deprecated. Deprecated in Java
w: file:///C:/Users/ASUS/AndroidStudioProjects/OrderApp/app/src/main/java/com/farouktouil/farouktouil/product_feature/presentation/ProductDetailsScreen.kt:68:43 'ArrowBack: ImageVector' is deprecated. Use the AutoMirrored version at Icons.AutoMirrored.Filled.ArrowBack
w: file:///C:/Users/ASUS/AndroidStudioProjects/OrderApp/app/src/main/java/com/farouktouil/farouktouil/product_feature/presentation/ProductDetailsScreen.kt:164:5 Parameter 'onUpdateQuantity' is never used
w: file:///C:/Users/ASUS/AndroidStudioProjects/OrderApp/app/src/main/java/com/farouktouil/farouktouil/product_feature/presentation/ProductViewModel.kt:56:30 This declaration needs opt-in. Its usage should be marked with '@kotlinx.coroutines.ExperimentalCoroutinesApi' or '@OptIn(kotlinx.coroutines.ExperimentalCoroutinesApi::class)'
w: file:///C:/Users/ASUS/AndroidStudioProjects/OrderApp/app/src/main/java/com/farouktouil/farouktouil/product_feature/presentation/ScanProductScreen.kt:178:59 Elvis operator (?:) always returns the left operand of non-nullable type String

> Task :app:compileReleaseKotlin
w: file:///C:/Users/ASUS/AndroidStudioProjects/OrderApp/app/src/main/java/com/farouktouil/farouktouil/barcode_feature/presentation/BarcodeGeneratorScreen.kt:426:44 Parameter 'index' is never used, could be renamed to _
w: file:///C:/Users/ASUS/AndroidStudioProjects/OrderApp/app/src/main/java/com/farouktouil/farouktouil/consultation_feature/presentation/AppelConsultationScreen.kt:26:5 Parameter 'navController' is never used
w: file:///C:/Users/ASUS/AndroidStudioProjects/OrderApp/app/src/main/java/com/farouktouil/farouktouil/core/presentation/DrawerSheet.kt:29:9 Variable 'context' is never used
w: file:///C:/Users/ASUS/AndroidStudioProjects/OrderApp/app/src/main/java/com/farouktouil/farouktouil/core/presentation/DrawerSheet.kt:98:17 'Divider(Modifier = ..., Dp = ..., Color = ...): Unit' is deprecated. Renamed to HorizontalDivider
w: file:///C:/Users/ASUS/AndroidStudioProjects/OrderApp/app/src/main/java/com/farouktouil/farouktouil/core/presentation/DrawerSheet.kt:117:17 'Divider(Modifier = ..., Dp = ..., Color = ...): Unit' is deprecated. Renamed to HorizontalDivider
w: file:///C:/Users/ASUS/AndroidStudioProjects/OrderApp/app/src/main/java/com/farouktouil/farouktouil/core/presentation/DrawerSheet.kt:137:17 'Divider(Modifier = ..., Dp = ..., Color = ...): Unit' is deprecated. Renamed to HorizontalDivider
w: file:///C:/Users/ASUS/AndroidStudioProjects/OrderApp/app/src/main/java/com/farouktouil/farouktouil/core/presentation/DrawerSheet.kt:156:17 'Divider(Modifier = ..., Dp = ..., Color = ...): Unit' is deprecated. Renamed to HorizontalDivider
w: file:///C:/Users/ASUS/AndroidStudioProjects/OrderApp/app/src/main/java/com/farouktouil/farouktouil/deliverer_feature/presentation/DelivererScreen.kt:39:5 Parameter 'navController' is never used
w: file:///C:/Users/ASUS/AndroidStudioProjects/OrderApp/app/src/main/java/com/farouktouil/farouktouil/export_feature/data/file/AndroidInternalStorageFileWriter.kt:35:13 Name shadowed: fileName
w: file:///C:/Users/ASUS/AndroidStudioProjects/OrderApp/app/src/main/java/com/farouktouil/farouktouil/export_feature/presentation/ExportScreen.kt:106:41 'menuAnchor(): Modifier' is deprecated. Use overload that takes MenuAnchorType and enabled parameters
w: file:///C:/Users/ASUS/AndroidStudioProjects/OrderApp/app/src/main/java/com/farouktouil/farouktouil/order_feature/domain/use_case/ConfirmOrderUseCase.kt:49:21 Elvis operator (?:) always returns the left operand of non-nullable type String
w: file:///C:/Users/ASUS/AndroidStudioProjects/OrderApp/app/src/main/java/com/farouktouil/farouktouil/order_feature/presentation/OrderChooseDelivererViewModel.kt:52:48 This declaration is in a preview state and can be changed in a backwards-incompatible manner with a best-effort migration. Its usage should be marked with '@kotlinx.coroutines.FlowPreview' or '@OptIn(kotlinx.coroutines.FlowPreview::class)' if you accept the drawback of relying on preview API
w: file:///C:/Users/ASUS/AndroidStudioProjects/OrderApp/app/src/main/java/com/farouktouil/farouktouil/order_feature/presentation/components/CheckoutDialog.kt:68:21 'Divider(Modifier = ..., Dp = ..., Color = ...): Unit' is deprecated. Renamed to HorizontalDivider
w: file:///C:/Users/ASUS/AndroidStudioProjects/OrderApp/app/src/main/java/com/farouktouil/farouktouil/order_feature/presentation/components/CheckoutDialog.kt:118:21 'Divider(Modifier = ..., Dp = ..., Color = ...): Unit' is deprecated. Renamed to HorizontalDivider
w: file:///C:/Users/ASUS/AndroidStudioProjects/OrderApp/app/src/main/java/com/farouktouil/farouktouil/order_feature/presentation/components/DelivererUiListItem.kt:40:45 'ArrowForwardIos: ImageVector' is deprecated. Use the AutoMirrored version at Icons.AutoMirrored.Filled.ArrowForwardIos
w: file:///C:/Users/ASUS/AndroidStudioProjects/OrderApp/app/src/main/java/com/farouktouil/farouktouil/order_feature/presentation/components/OrderDetailDilaog.kt:72:21 'Divider(Modifier = ..., Dp = ..., Color = ...): Unit' is deprecated. Renamed to HorizontalDivider
w: file:///C:/Users/ASUS/AndroidStudioProjects/OrderApp/app/src/main/java/com/farouktouil/farouktouil/order_feature/presentation/components/OrderDetailDilaog.kt:113:21 'Divider(Modifier = ..., Dp = ..., Color = ...): Unit' is deprecated. Renamed to HorizontalDivider
w: file:///C:/Users/ASUS/AndroidStudioProjects/OrderApp/app/src/main/java/com/farouktouil/farouktouil/order_feature/presentation/components/OrderUiListItem.kt:80:9 'Divider(Modifier = ..., Dp = ..., Color = ...): Unit' is deprecated. Renamed to HorizontalDivider
w: file:///C:/Users/ASUS/AndroidStudioProjects/OrderApp/app/src/main/java/com/farouktouil/farouktouil/order_feature/presentation/components/ProductUiListItem.kt:84:13 'Divider(Modifier = ..., Dp = ..., Color = ...): Unit' is deprecated. Renamed to HorizontalDivider
w: file:///C:/Users/ASUS/AndroidStudioProjects/OrderApp/app/src/main/java/com/farouktouil/farouktouil/order_feature/presentation/mapper/ProductMapper.kt:20:24 Elvis operator (?:) always returns the left operand of non-nullable type Int
w: file:///C:/Users/ASUS/AndroidStudioProjects/OrderApp/app/src/main/java/com/farouktouil/farouktouil/personnel_feature/presentation/PersonnelScreen.kt:26:5 Parameter 'navController' is never used
w: file:///C:/Users/ASUS/AndroidStudioProjects/OrderApp/app/src/main/java/com/farouktouil/farouktouil/product_feature/data/mapper/ProductMapper.kt:8:31 Elvis operator (?:) always returns the left operand of non-nullable type Int
w: file:///C:/Users/ASUS/AndroidStudioProjects/OrderApp/app/src/main/java/com/farouktouil/farouktouil/product_feature/presentation/BarcodeScannerActivity.kt:79:9 Variable 'context' is never used
w: file:///C:/Users/ASUS/AndroidStudioProjects/OrderApp/app/src/main/java/com/farouktouil/farouktouil/product_feature/presentation/BarcodeScannerActivity.kt:80:9 Variable 'viewModel' is never used
w: file:///C:/Users/ASUS/AndroidStudioProjects/OrderApp/app/src/main/java/com/farouktouil/farouktouil/product_feature/presentation/BarcodeScannerActivity.kt:162:109 'VIBRATOR_SERVICE: String' is deprecated. Deprecated in Java
w: file:///C:/Users/ASUS/AndroidStudioProjects/OrderApp/app/src/main/java/com/farouktouil/farouktouil/product_feature/presentation/ProductDetailsScreen.kt:68:43 'ArrowBack: ImageVector' is deprecated. Use the AutoMirrored version at Icons.AutoMirrored.Filled.ArrowBack
w: file:///C:/Users/ASUS/AndroidStudioProjects/OrderApp/app/src/main/java/com/farouktouil/farouktouil/product_feature/presentation/ProductDetailsScreen.kt:164:5 Parameter 'onUpdateQuantity' is never used
w: file:///C:/Users/ASUS/AndroidStudioProjects/OrderApp/app/src/main/java/com/farouktouil/farouktouil/product_feature/presentation/ProductViewModel.kt:56:30 This declaration needs opt-in. Its usage should be marked with '@kotlinx.coroutines.ExperimentalCoroutinesApi' or '@OptIn(kotlinx.coroutines.ExperimentalCoroutinesApi::class)'
w: file:///C:/Users/ASUS/AndroidStudioProjects/OrderApp/app/src/main/java/com/farouktouil/farouktouil/product_feature/presentation/ScanProductScreen.kt:178:59 Elvis operator (?:) always returns the left operand of non-nullable type String

> Task :app:compileDebugJavaWithJavac
> Task :app:hiltAggregateDepsDebug
> Task :app:compileReleaseJavaWithJavac
> Task :app:hiltJavaCompileDebug
> Task :app:processDebugJavaRes
> Task :app:transformDebugClassesWithAsm
> Task :app:dexBuilderDebug
> Task :app:mergeDebugGlobalSynthetics
> Task :app:mergeDebugJavaResource
> Task :app:hiltAggregateDepsRelease
> Task :app:mergeProjectDexDebug
> Task :app:bundleDebugClassesToCompileJar

> Task :app:generateDebugLintReportModel
Generating lint files for backported methods only (compile API B)

> Task :app:hiltJavaCompileRelease
> Task :app:generateReleaseLintVitalReportModel
> Task :app:processReleaseJavaRes
> Task :app:mergeReleaseJavaResource
> Task :app:transformReleaseClassesWithAsm
> Task :app:generateDebugAndroidTestLintModel
> Task :app:dexBuilderRelease
> Task :app:mergeReleaseGlobalSynthetics
> Task :app:generateDebugUnitTestLintModel
> Task :app:bundleDebugClassesToRuntimeJar
> Task :app:packageDebug
> Task :app:createDebugApkListingFileRedirect
> Task :app:assembleDebug
> Task :app:bundleReleaseClassesToCompileJar
> Task :app:bundleReleaseClassesToRuntimeJar
> Task :app:kspDebugUnitTestKotlin
> Task :app:kspReleaseUnitTestKotlin
> Task :app:compileDebugUnitTestKotlin
> Task :app:compileDebugUnitTestJavaWithJavac NO-SOURCE
> Task :app:hiltAggregateDepsDebugUnitTest
> Task :app:hiltJavaCompileDebugUnitTest NO-SOURCE
> Task :app:processDebugUnitTestJavaRes
> Task :app:transformDebugUnitTestClassesWithAsm
> Task :app:compileReleaseUnitTestKotlin
> Task :app:mergeDexRelease
> Task :app:testDebugUnitTest
> Task :app:compileReleaseUnitTestJavaWithJavac NO-SOURCE
> Task :app:hiltAggregateDepsReleaseUnitTest
> Task :app:hiltJavaCompileReleaseUnitTest NO-SOURCE
> Task :app:processReleaseUnitTestJavaRes
> Task :app:transformReleaseUnitTestClassesWithAsm
> Task :app:compileReleaseArtProfile
> Task :app:testReleaseUnitTest
> Task :app:test
> Task :app:packageRelease
> Task :app:createReleaseApkListingFileRedirect
> Task :app:lintVitalAnalyzeRelease
> Task :app:lintAnalyzeDebugAndroidTest
> Task :app:lintAnalyzeDebug
> Task :app:lintVitalReportRelease SKIPPED
> Task :app:lintVitalRelease SKIPPED
> Task :app:assembleRelease
> Task :app:assemble
> Task :app:lintAnalyzeDebugUnitTest

> Task :app:lintReportDebug
Wrote HTML report to file:///C:/Users/ASUS/AndroidStudioProjects/OrderApp/app/build/reports/lint-results-debug.html

> Task :app:lintDebug FAILED
Lint found 33 errors, 162 warnings. First failure:

C:\Users\ASUS\AndroidStudioProjects\OrderApp\app\src\main\java\com\farouktouil\farouktouil\product_feature\presentation\BarcodeScannerActivity.kt:50: Error: Call requires API level 29 (current min is 27): FaroukTouilTheme [NewApi]
                FaroukTouilTheme {
                ~~~~~~~~~~~~~~~~

   Explanation for issues of type "NewApi":
   This check scans through all the Android API calls in the application and
   warns about any calls that are not available on all versions targeted by
   this application (according to its minimum SDK attribute in the manifest).

   If you really want to use this API and don't need to support older devices
   just set the minSdkVersion in your build.gradle or AndroidManifest.xml
   files.

   If your code is deliberately accessing newer APIs, and you have ensured
   (e.g. with conditional execution) that this code will only ever be called
   on a supported platform, then you can annotate your class or method with
   the @TargetApi annotation specifying the local minimum SDK to apply, such
   as @TargetApi(11), such that this check considers 11 rather than your
   manifest file's minimum SDK as the required API level.

   If you are deliberately setting android: attributes in style definitions,
   make sure you place this in a values-vNN folder in order to avoid running
   into runtime conflicts on certain devices where manufacturers have added
   custom attributes whose ids conflict with the new ones on later platforms.

   Similarly, you can use tools:targetApi="11" in an XML file to indicate that
   the element will only be inflated in an adequate context.


The full lint text report is located at:
  C:\Users\ASUS\AndroidStudioProjects\OrderApp\app\build\intermediates\lint_intermediate_text_report\debug\lintReportDebug\lint-results-debug.txt

[Incubating] Problems report is available at: file:///C:/Users/ASUS/AndroidStudioProjects/OrderApp/build/reports/problems/problems-report.html
116 actionable tasks: 116 executed
